--------- beginning of crash
08-30 00:16:39.577 E/AndroidRuntime( 8936): FATAL EXCEPTION: main
08-30 00:16:39.577 E/AndroidRuntime( 8936): Process: com.anonymous.HI_Vision_Mobile_App, PID: 8936
08-30 00:16:39.577 E/AndroidRuntime( 8936): com.facebook.soloader.SoLoaderDSONotFoundError: couldn't find DSO to load: libreact_featureflagsjni.so
08-30 00:16:39.577 E/AndroidRuntime( 8936): 	existing SO sources: 
08-30 00:16:39.577 E/AndroidRuntime( 8936): 		SoSource 0: ApplicationSoSource[DirectorySoSource[root = /data/app/~~gpDeiCTUf1ipA4_cHvFIpQ==/com.anonymous.HI_Vision_Mobile_App-45oh1JQi_k1cK4jTLI3VuQ==/lib/arm64 flags = 0]]
08-30 00:16:39.577 E/AndroidRuntime( 8936): 		SoSource 1: DirectApkSoSource[root = [/data/app/~~gpDeiCTUf1ipA4_cHvFIpQ==/com.anonymous.HI_Vision_Mobile_App-45oh1JQi_k1cK4jTLI3VuQ==/base.apk!/lib/arm64-v8a]]
08-30 00:16:39.577 E/AndroidRuntime( 8936): 		SoSource 2: DirectorySoSource[root = /system/lib64 flags = 3]
08-30 00:16:39.577 E/AndroidRuntime( 8936): 		SoSource 3: DirectorySoSource[root = /vendor/lib64 flags = 3]
08-30 00:16:39.577 E/AndroidRuntime( 8936): 	Native lib dir: /data/app/~~gpDeiCTUf1ipA4_cHvFIpQ==/com.anonymous.HI_Vision_Mobile_App-45oh1JQi_k1cK4jTLI3VuQ==/lib/arm64
08-30 00:16:39.577 E/AndroidRuntime( 8936): 
08-30 00:16:39.577 E/AndroidRuntime( 8936): 	at com.facebook.soloader.SoLoader.doLoadLibraryBySoName(SoLoader.java:1216)
08-30 00:16:39.577 E/AndroidRuntime( 8936): 	at com.facebook.soloader.SoLoader.loadLibraryBySoNameImpl(SoLoader.java:1078)
08-30 00:16:39.577 E/AndroidRuntime( 8936): 	at com.facebook.soloader.SoLoader.loadLibraryBySoName(SoLoader.java:943)
08-30 00:16:39.577 E/AndroidRuntime( 8936): 	at com.facebook.soloader.SoLoader.loadLibraryOnAndroid(SoLoader.java:859)
08-30 00:16:39.577 E/AndroidRuntime( 8936): 	at com.facebook.soloader.SoLoader.loadLibrary(SoLoader.java:842)
08-30 00:16:39.577 E/AndroidRuntime( 8936): 	at com.facebook.soloader.SoLoader.loadLibrary(SoLoader.java:812)
08-30 00:16:39.577 E/AndroidRuntime( 8936): 	at com.facebook.react.internal.featureflags.ReactNativeFeatureFlagsCxxInterop.<clinit>(ReactNativeFeatureFlagsCxxInterop.kt:28)
08-30 00:16:39.577 E/AndroidRuntime( 8936): 	at com.facebook.react.internal.featureflags.ReactNativeFeatureFlagsCxxAccessor.override(ReactNativeFeatureFlagsCxxAccessor.kt:465)
08-30 00:16:39.577 E/AndroidRuntime( 8936): 	at com.facebook.react.internal.featureflags.ReactNativeFeatureFlags.override(ReactNativeFeatureFlags.kt:310)
08-30 00:16:39.577 E/AndroidRuntime( 8936): 	at com.facebook.react.defaults.DefaultNewArchitectureEntryPoint.load(DefaultNewArchitectureEntryPoint.kt:57)
08-30 00:16:39.577 E/AndroidRuntime( 8936): 	at com.facebook.react.defaults.DefaultNewArchitectureEntryPoint.load$default(DefaultNewArchitectureEntryPoint.kt:35)
08-30 00:16:39.577 E/AndroidRuntime( 8936): 	at com.anonymous.HI_Vision_Mobile_App.MainApplication.onCreate(MainApplication.kt:37)
08-30 00:16:39.577 E/AndroidRuntime( 8936): 	at android.app.Instrumentation.callApplicationOnCreate(Instrumentation.java:1381)
08-30 00:16:39.577 E/AndroidRuntime( 8936): 	at android.app.ActivityThread.handleBindApplication(ActivityThread.java:7830)
08-30 00:16:39.577 E/AndroidRuntime( 8936): 	at android.app.ActivityThread.-$$Nest$mhandleBindApplication(Unknown Source:0)
08-30 00:16:39.577 E/AndroidRuntime( 8936): 	at android.app.ActivityThread$H.handleMessage(ActivityThread.java:2546)
08-30 00:16:39.577 E/AndroidRuntime( 8936): 	at android.os.Handler.dispatchMessage(Handler.java:110)
08-30 00:16:39.577 E/AndroidRuntime( 8936): 	at android.os.Looper.loopOnce(Looper.java:248)
08-30 00:16:39.577 E/AndroidRuntime( 8936): 	at android.os.Looper.loop(Looper.java:338)
08-30 00:16:39.577 E/AndroidRuntime( 8936): 	at android.app.ActivityThread.main(ActivityThread.java:9067)
08-30 00:16:39.577 E/AndroidRuntime( 8936): 	at java.lang.reflect.Method.invoke(Native Method)
08-30 00:16:39.577 E/AndroidRuntime( 8936): 	at com.android.internal.os.RuntimeInit$MethodAndArgsCaller.run(RuntimeInit.java:593)
08-30 00:16:39.577 E/AndroidRuntime( 8936): 	at com.android.internal.os.ZygoteInit.main(ZygoteInit.java:932)
08-30 00:32:52.615 E/AndroidRuntime( 9104): FATAL EXCEPTION: main
08-30 00:32:52.615 E/AndroidRuntime( 9104): Process: com.anonymous.HI_Vision_Mobile_App, PID: 9104
08-30 00:32:52.615 E/AndroidRuntime( 9104): java.lang.RuntimeException: Unable to start activity ComponentInfo{com.anonymous.HI_Vision_Mobile_App/com.anonymous.HI_Vision_Mobile_App.MainActivity}: java.lang.IllegalStateException: You need to use a Theme.AppCompat theme (or descendant) with this activity.
08-30 00:32:52.615 E/AndroidRuntime( 9104): 	at android.app.ActivityThread.performLaunchActivity(ActivityThread.java:4280)
08-30 00:32:52.615 E/AndroidRuntime( 9104): 	at android.app.ActivityThread.handleLaunchActivity(ActivityThread.java:4467)
08-30 00:32:52.615 E/AndroidRuntime( 9104): 	at android.app.servertransaction.LaunchActivityItem.execute(LaunchActivityItem.java:222)
08-30 00:32:52.615 E/AndroidRuntime( 9104): 	at android.app.servertransaction.TransactionExecutor.executeNonLifecycleItem(TransactionExecutor.java:133)
08-30 00:32:52.615 E/AndroidRuntime( 9104): 	at android.app.servertransaction.TransactionExecutor.executeTransactionItems(TransactionExecutor.java:103)
08-30 00:32:52.615 E/AndroidRuntime( 9104): 	at android.app.servertransaction.TransactionExecutor.execute(TransactionExecutor.java:80)
08-30 00:32:52.615 E/AndroidRuntime( 9104): 	at android.app.ActivityThread$H.handleMessage(ActivityThread.java:2823)
08-30 00:32:52.615 E/AndroidRuntime( 9104): 	at android.os.Handler.dispatchMessage(Handler.java:110)
08-30 00:32:52.615 E/AndroidRuntime( 9104): 	at android.os.Looper.loopOnce(Looper.java:248)
08-30 00:32:52.615 E/AndroidRuntime( 9104): 	at android.os.Looper.loop(Looper.java:338)
08-30 00:32:52.615 E/AndroidRuntime( 9104): 	at android.app.ActivityThread.main(ActivityThread.java:9067)
08-30 00:32:52.615 E/AndroidRuntime( 9104): 	at java.lang.reflect.Method.invoke(Native Method)
08-30 00:32:52.615 E/AndroidRuntime( 9104): 	at com.android.internal.os.RuntimeInit$MethodAndArgsCaller.run(RuntimeInit.java:593)
08-30 00:32:52.615 E/AndroidRuntime( 9104): 	at com.android.internal.os.ZygoteInit.main(ZygoteInit.java:932)
08-30 00:32:52.615 E/AndroidRuntime( 9104): Caused by: java.lang.IllegalStateException: You need to use a Theme.AppCompat theme (or descendant) with this activity.
08-30 00:32:52.615 E/AndroidRuntime( 9104): 	at androidx.appcompat.app.AppCompatDelegateImpl.createSubDecor(AppCompatDelegateImpl.java:902)
08-30 00:32:52.615 E/AndroidRuntime( 9104): 	at androidx.appcompat.app.AppCompatDelegateImpl.ensureSubDecor(AppCompatDelegateImpl.java:865)
08-30 00:32:52.615 E/AndroidRuntime( 9104): 	at androidx.appcompat.app.AppCompatDelegateImpl.findViewById(AppCompatDelegateImpl.java:667)
08-30 00:32:52.615 E/AndroidRuntime( 9104): 	at androidx.appcompat.app.AppCompatActivity.findViewById(AppCompatActivity.java:264)
08-30 00:32:52.615 E/AndroidRuntime( 9104): 	at expo.modules.splashscreen.SplashScreenManager.registerOnActivity(SplashScreenManager.kt:60)
08-30 00:32:52.615 E/AndroidRuntime( 9104): 	at com.anonymous.HI_Vision_Mobile_App.MainActivity.onCreate(MainActivity.kt:21)
08-30 00:32:52.615 E/AndroidRuntime( 9104): 	at android.app.Activity.performCreate(Activity.java:9155)
08-30 00:32:52.615 E/AndroidRuntime( 9104): 	at android.app.Activity.performCreate(Activity.java:9133)
08-30 00:32:52.615 E/AndroidRuntime( 9104): 	at android.app.Instrumentation.callActivityOnCreate(Instrumentation.java:1521)
08-30 00:32:52.615 E/AndroidRuntime( 9104): 	at android.app.ActivityThread.performLaunchActivity(ActivityThread.java:4262)
08-30 00:32:52.615 E/AndroidRuntime( 9104): 	... 13 more
