Configuration on demand is an incubating feature.
> Task :gradle-plugin:settings-plugin:checkKotlinGradlePluginConfigurationErrors SKIPPED
> Task :gradle-plugin:shared:checkKotlinGradlePluginConfigurationErrors SKIPPED
> Task :expo-gradle-plugin:expo-autolinking-plugin-shared:checkKotlinGradlePluginConfigurationErrors
> Task :gradle-plugin:shared:compileKotlin UP-TO-DATE
> Task :gradle-plugin:shared:compileJava NO-SOURCE
> Task :gradle-plugin:shared:processResources NO-SOURCE
> Task :gradle-plugin:shared:classes UP-TO-DATE
> Task :gradle-plugin:shared:jar UP-TO-DATE
> Task :gradle-plugin:settings-plugin:compileKotlin UP-TO-DATE
> Task :gradle-plugin:settings-plugin:compileJava NO-SOURCE
> Task :gradle-plugin:settings-plugin:pluginDescriptors UP-TO-DATE
> Task :gradle-plugin:settings-plugin:processResources UP-TO-DATE
> Task :gradle-plugin:settings-plugin:classes UP-TO-DATE
> Task :gradle-plugin:settings-plugin:jar UP-TO-DATE
> Task :expo-gradle-plugin:expo-autolinking-plugin-shared:compileKotlin FROM-CACHE
> Task :expo-gradle-plugin:expo-autolinking-plugin-shared:compileJava NO-SOURCE
> Task :expo-gradle-plugin:expo-autolinking-plugin-shared:processResources NO-SOURCE
> Task :expo-gradle-plugin:expo-autolinking-plugin-shared:classes UP-TO-DATE
> Task :expo-gradle-plugin:expo-autolinking-plugin-shared:jar UP-TO-DATE
> Task :expo-gradle-plugin:expo-autolinking-settings-plugin:checkKotlinGradlePluginConfigurationErrors
> Task :expo-gradle-plugin:expo-autolinking-settings-plugin:compileKotlin FROM-CACHE
> Task :expo-gradle-plugin:expo-autolinking-settings-plugin:compileJava NO-SOURCE
> Task :expo-gradle-plugin:expo-autolinking-settings-plugin:pluginDescriptors UP-TO-DATE
> Task :expo-gradle-plugin:expo-autolinking-settings-plugin:processResources UP-TO-DATE
> Task :expo-gradle-plugin:expo-autolinking-settings-plugin:classes UP-TO-DATE
> Task :expo-gradle-plugin:expo-autolinking-settings-plugin:jar UP-TO-DATE
> Task :gradle-plugin:react-native-gradle-plugin:checkKotlinGradlePluginConfigurationErrors SKIPPED
> Task :expo-gradle-plugin:expo-autolinking-plugin:checkKotlinGradlePluginConfigurationErrors
> Task :expo-module-gradle-plugin:checkKotlinGradlePluginConfigurationErrors
> Task :expo-module-gradle-plugin:pluginDescriptors UP-TO-DATE
> Task :expo-module-gradle-plugin:processResources UP-TO-DATE
> Task :gradle-plugin:react-native-gradle-plugin:compileKotlin UP-TO-DATE
> Task :gradle-plugin:react-native-gradle-plugin:compileJava NO-SOURCE
> Task :gradle-plugin:react-native-gradle-plugin:pluginDescriptors UP-TO-DATE
> Task :gradle-plugin:react-native-gradle-plugin:processResources UP-TO-DATE
> Task :gradle-plugin:react-native-gradle-plugin:classes UP-TO-DATE
> Task :gradle-plugin:react-native-gradle-plugin:jar UP-TO-DATE
> Task :expo-gradle-plugin:expo-autolinking-plugin:compileKotlin FROM-CACHE
> Task :expo-gradle-plugin:expo-autolinking-plugin:compileJava NO-SOURCE
> Task :expo-gradle-plugin:expo-autolinking-plugin:pluginDescriptors UP-TO-DATE
> Task :expo-gradle-plugin:expo-autolinking-plugin:processResources UP-TO-DATE
> Task :expo-gradle-plugin:expo-autolinking-plugin:classes UP-TO-DATE
> Task :expo-gradle-plugin:expo-autolinking-plugin:jar UP-TO-DATE
> Task :expo-module-gradle-plugin:compileKotlin FROM-CACHE
> Task :expo-module-gradle-plugin:compileJava NO-SOURCE
> Task :expo-module-gradle-plugin:classes UP-TO-DATE
> Task :expo-module-gradle-plugin:jar UP-TO-DATE

> Configure project :
[32m[ExpoRootProject][0m Using the following versions:
  - buildTools:  [32m35.0.0[0m
  - minSdk:      [32m24[0m
  - compileSdk:  [32m35[0m
  - targetSdk:   [32m35[0m
  - ndk:         [32m27.1.12297006[0m
  - kotlin:      [32m2.0.21[0m
  - ksp:         [32m2.0.21-1.0.28[0m

> Configure project :expo

Using expo modules
  - [32mexpo-constants[0m (17.1.7)
  - [32mexpo-modules-core[0m (2.5.0)
  - [33m[📦][0m [32mexpo-application[0m (6.1.5)
  - [33m[📦][0m [32mexpo-asset[0m (11.1.7)
  - [33m[📦][0m [32mexpo-blur[0m (14.1.5)
  - [33m[📦][0m [32mexpo-crypto[0m (14.1.5)
  - [33m[📦][0m [32mexpo-file-system[0m (18.1.11)
  - [33m[📦][0m [32mexpo-font[0m (13.3.2)
  - [33m[📦][0m [32mexpo-haptics[0m (14.1.4)
  - [33m[📦][0m [32mexpo-image[0m (2.3.2)
  - [33m[📦][0m [32mexpo-keep-awake[0m (14.1.4)
  - [33m[📦][0m [32mexpo-linear-gradient[0m (14.1.5)
  - [33m[📦][0m [32mexpo-linking[0m (7.1.6)
  - [33m[📦][0m [32mexpo-location[0m (18.1.6)
  - [33m[📦][0m [32mexpo-network[0m (7.1.5)
  - [33m[📦][0m [32mexpo-notifications[0m (0.31.4)
  - [33m[📦][0m [32mexpo-secure-store[0m (14.2.4)
  - [33m[📦][0m [32mexpo-splash-screen[0m (0.30.9)
  - [33m[📦][0m [32mexpo-system-ui[0m (5.0.10)
  - [33m[📦][0m [32mexpo-web-browser[0m (14.2.0)


> Configure project :react-native-reanimated
Android gradle plugin: 8.8.2
Gradle: 8.10.2

> Task :app:generateAutolinkingNewArchitectureFiles UP-TO-DATE
> Task :app:generateAutolinkingPackageList UP-TO-DATE
> Task :app:generateCodegenSchemaFromJavaScript SKIPPED
> Task :app:generateCodegenArtifactsFromSchema SKIPPED
> Task :app:preBuild UP-TO-DATE
> Task :app:preDebugBuild UP-TO-DATE
> Task :app:mergeDebugNativeDebugMetadata NO-SOURCE
> Task :app:checkKotlinGradlePluginConfigurationErrors SKIPPED
> Task :app:generateDebugBuildConfig UP-TO-DATE
> Task :expo:generatePackagesList UP-TO-DATE
> Task :expo:preBuild UP-TO-DATE
> Task :expo:preDebugBuild UP-TO-DATE
> Task :expo:writeDebugAarMetadata UP-TO-DATE

> Task :expo-constants:createExpoConfig
The NODE_ENV environment variable is required but was not specified. Ensure the project is bundled with Expo CLI or NODE_ENV is set. Using only .env.local and .env

> Task :expo-constants:preBuild
> Task :expo-constants:preDebugBuild
> Task :expo-constants:writeDebugAarMetadata UP-TO-DATE
> Task :expo-modules-core:preBuild UP-TO-DATE
> Task :expo-modules-core:preDebugBuild UP-TO-DATE
> Task :expo-modules-core:writeDebugAarMetadata UP-TO-DATE
> Task :react-native-android-widget:generateCodegenSchemaFromJavaScript UP-TO-DATE
> Task :react-native-android-widget:generateCodegenArtifactsFromSchema UP-TO-DATE
> Task :react-native-android-widget:preBuild UP-TO-DATE
> Task :react-native-android-widget:preDebugBuild UP-TO-DATE
> Task :react-native-android-widget:writeDebugAarMetadata UP-TO-DATE
> Task :react-native-async-storage_async-storage:generateCodegenSchemaFromJavaScript UP-TO-DATE
> Task :react-native-async-storage_async-storage:generateCodegenArtifactsFromSchema UP-TO-DATE
> Task :react-native-async-storage_async-storage:preBuild UP-TO-DATE
> Task :react-native-async-storage_async-storage:preDebugBuild UP-TO-DATE
> Task :react-native-async-storage_async-storage:writeDebugAarMetadata UP-TO-DATE
> Task :react-native-community_datetimepicker:generateCodegenSchemaFromJavaScript UP-TO-DATE
> Task :react-native-community_datetimepicker:generateCodegenArtifactsFromSchema UP-TO-DATE
> Task :react-native-community_datetimepicker:preBuild UP-TO-DATE
> Task :react-native-community_datetimepicker:preDebugBuild UP-TO-DATE
> Task :react-native-community_datetimepicker:writeDebugAarMetadata UP-TO-DATE
> Task :react-native-community_slider:generateCodegenSchemaFromJavaScript UP-TO-DATE
> Task :react-native-community_slider:generateCodegenArtifactsFromSchema UP-TO-DATE
> Task :react-native-community_slider:preBuild UP-TO-DATE
> Task :react-native-community_slider:preDebugBuild UP-TO-DATE
> Task :react-native-community_slider:writeDebugAarMetadata UP-TO-DATE
> Task :react-native-edge-to-edge:generateCodegenSchemaFromJavaScript UP-TO-DATE
> Task :react-native-edge-to-edge:generateCodegenArtifactsFromSchema UP-TO-DATE
> Task :react-native-edge-to-edge:preBuild UP-TO-DATE
> Task :react-native-edge-to-edge:preDebugBuild UP-TO-DATE
> Task :react-native-edge-to-edge:writeDebugAarMetadata UP-TO-DATE
> Task :react-native-gesture-handler:generateCodegenSchemaFromJavaScript UP-TO-DATE
> Task :react-native-gesture-handler:generateCodegenArtifactsFromSchema UP-TO-DATE
> Task :react-native-gesture-handler:preBuild UP-TO-DATE
> Task :react-native-gesture-handler:preDebugBuild UP-TO-DATE
> Task :react-native-gesture-handler:writeDebugAarMetadata UP-TO-DATE
> Task :react-native-picker_picker:generateCodegenSchemaFromJavaScript UP-TO-DATE
> Task :react-native-picker_picker:generateCodegenArtifactsFromSchema UP-TO-DATE
> Task :react-native-picker_picker:preBuild UP-TO-DATE
> Task :react-native-picker_picker:preDebugBuild UP-TO-DATE
> Task :react-native-picker_picker:writeDebugAarMetadata UP-TO-DATE
> Task :react-native-reanimated:assertMinimalReactNativeVersionTask SKIPPED
> Task :react-native-reanimated:generateCodegenSchemaFromJavaScript UP-TO-DATE
> Task :react-native-reanimated:generateCodegenArtifactsFromSchema UP-TO-DATE
> Task :react-native-reanimated:prepareReanimatedHeadersForPrefabs UP-TO-DATE
> Task :react-native-reanimated:prepareWorkletsHeadersForPrefabs UP-TO-DATE
> Task :react-native-reanimated:preBuild UP-TO-DATE
> Task :react-native-reanimated:preDebugBuild UP-TO-DATE
> Task :react-native-reanimated:writeDebugAarMetadata UP-TO-DATE
> Task :react-native-safe-area-context:generateCodegenSchemaFromJavaScript UP-TO-DATE
> Task :react-native-safe-area-context:generateCodegenArtifactsFromSchema UP-TO-DATE
> Task :react-native-safe-area-context:preBuild UP-TO-DATE
> Task :react-native-safe-area-context:preDebugBuild UP-TO-DATE
> Task :react-native-safe-area-context:writeDebugAarMetadata UP-TO-DATE
> Task :react-native-screens:generateCodegenSchemaFromJavaScript UP-TO-DATE
> Task :react-native-screens:generateCodegenArtifactsFromSchema UP-TO-DATE
> Task :react-native-screens:preBuild UP-TO-DATE
> Task :react-native-screens:preDebugBuild UP-TO-DATE
> Task :react-native-screens:writeDebugAarMetadata UP-TO-DATE
> Task :react-native-svg:generateCodegenSchemaFromJavaScript UP-TO-DATE
> Task :react-native-svg:generateCodegenArtifactsFromSchema UP-TO-DATE
> Task :react-native-svg:preBuild UP-TO-DATE
> Task :react-native-svg:preDebugBuild UP-TO-DATE
> Task :react-native-svg:writeDebugAarMetadata UP-TO-DATE
> Task :react-native-webview:generateCodegenSchemaFromJavaScript UP-TO-DATE
> Task :react-native-webview:generateCodegenArtifactsFromSchema UP-TO-DATE
> Task :react-native-webview:preBuild UP-TO-DATE
> Task :react-native-webview:preDebugBuild UP-TO-DATE
> Task :react-native-webview:writeDebugAarMetadata UP-TO-DATE
> Task :app:checkDebugAarMetadata UP-TO-DATE
> Task :app:createBundleDebugJsAndAssets UP-TO-DATE
> Task :app:generateDebugResValues UP-TO-DATE
> Task :expo:generateDebugResValues UP-TO-DATE
> Task :expo:generateDebugResources UP-TO-DATE
> Task :expo:packageDebugResources UP-TO-DATE
> Task :expo-constants:generateDebugResValues UP-TO-DATE
> Task :expo-constants:generateDebugResources UP-TO-DATE
> Task :expo-constants:packageDebugResources UP-TO-DATE
> Task :expo-modules-core:generateDebugResValues UP-TO-DATE
> Task :expo-modules-core:generateDebugResources UP-TO-DATE
> Task :expo-modules-core:packageDebugResources UP-TO-DATE
> Task :react-native-android-widget:generateDebugResValues UP-TO-DATE
> Task :react-native-android-widget:generateDebugResources UP-TO-DATE
> Task :react-native-android-widget:packageDebugResources UP-TO-DATE
> Task :react-native-async-storage_async-storage:generateDebugResValues UP-TO-DATE
> Task :react-native-async-storage_async-storage:generateDebugResources UP-TO-DATE
> Task :react-native-async-storage_async-storage:packageDebugResources UP-TO-DATE
> Task :react-native-community_datetimepicker:generateDebugResValues UP-TO-DATE
> Task :react-native-community_datetimepicker:generateDebugResources UP-TO-DATE
> Task :react-native-community_datetimepicker:packageDebugResources UP-TO-DATE
> Task :react-native-community_slider:generateDebugResValues UP-TO-DATE
> Task :react-native-community_slider:generateDebugResources UP-TO-DATE
> Task :react-native-community_slider:packageDebugResources UP-TO-DATE
> Task :react-native-edge-to-edge:generateDebugResValues UP-TO-DATE
> Task :react-native-edge-to-edge:generateDebugResources UP-TO-DATE
> Task :react-native-edge-to-edge:packageDebugResources UP-TO-DATE
> Task :react-native-gesture-handler:generateDebugResValues UP-TO-DATE
> Task :react-native-gesture-handler:generateDebugResources UP-TO-DATE
> Task :react-native-gesture-handler:packageDebugResources UP-TO-DATE
> Task :react-native-picker_picker:generateDebugResValues UP-TO-DATE
> Task :react-native-picker_picker:generateDebugResources UP-TO-DATE
> Task :react-native-picker_picker:packageDebugResources UP-TO-DATE
> Task :react-native-reanimated:generateDebugResValues UP-TO-DATE
> Task :react-native-reanimated:generateDebugResources UP-TO-DATE
> Task :react-native-reanimated:packageDebugResources UP-TO-DATE
> Task :react-native-safe-area-context:generateDebugResValues UP-TO-DATE
> Task :react-native-safe-area-context:generateDebugResources UP-TO-DATE
> Task :react-native-safe-area-context:packageDebugResources UP-TO-DATE
> Task :react-native-screens:generateDebugResValues UP-TO-DATE
> Task :react-native-screens:generateDebugResources UP-TO-DATE
> Task :react-native-screens:packageDebugResources UP-TO-DATE
> Task :react-native-svg:generateDebugResValues UP-TO-DATE
> Task :react-native-svg:generateDebugResources UP-TO-DATE
> Task :react-native-svg:packageDebugResources UP-TO-DATE
> Task :react-native-webview:generateDebugResValues UP-TO-DATE
> Task :react-native-webview:generateDebugResources UP-TO-DATE
> Task :react-native-webview:packageDebugResources UP-TO-DATE
> Task :app:mapDebugSourceSetPaths UP-TO-DATE
> Task :app:generateDebugResources UP-TO-DATE
> Task :app:mergeDebugResources UP-TO-DATE
> Task :app:packageDebugResources UP-TO-DATE
> Task :app:parseDebugLocalResources UP-TO-DATE
> Task :app:createDebugCompatibleScreenManifests UP-TO-DATE
> Task :app:extractDeepLinksDebug UP-TO-DATE
> Task :expo:extractDeepLinksDebug UP-TO-DATE
> Task :expo:processDebugManifest UP-TO-DATE
> Task :expo-constants:extractDeepLinksDebug UP-TO-DATE
> Task :expo-constants:processDebugManifest UP-TO-DATE
> Task :expo-modules-core:extractDeepLinksDebug UP-TO-DATE
> Task :expo-modules-core:processDebugManifest UP-TO-DATE
> Task :react-native-android-widget:extractDeepLinksDebug UP-TO-DATE
> Task :react-native-android-widget:processDebugManifest UP-TO-DATE
> Task :react-native-async-storage_async-storage:extractDeepLinksDebug UP-TO-DATE
> Task :react-native-async-storage_async-storage:processDebugManifest UP-TO-DATE
> Task :react-native-community_datetimepicker:extractDeepLinksDebug UP-TO-DATE
> Task :react-native-community_datetimepicker:processDebugManifest UP-TO-DATE
> Task :react-native-community_slider:extractDeepLinksDebug UP-TO-DATE
> Task :react-native-community_slider:processDebugManifest UP-TO-DATE
> Task :react-native-edge-to-edge:extractDeepLinksDebug UP-TO-DATE
> Task :react-native-edge-to-edge:processDebugManifest UP-TO-DATE
> Task :react-native-gesture-handler:extractDeepLinksDebug UP-TO-DATE
> Task :react-native-gesture-handler:processDebugManifest UP-TO-DATE
> Task :react-native-picker_picker:extractDeepLinksDebug UP-TO-DATE
> Task :react-native-picker_picker:processDebugManifest UP-TO-DATE
> Task :react-native-reanimated:extractDeepLinksDebug UP-TO-DATE
> Task :react-native-reanimated:processDebugManifest UP-TO-DATE
> Task :react-native-safe-area-context:extractDeepLinksDebug UP-TO-DATE
> Task :react-native-safe-area-context:processDebugManifest UP-TO-DATE
> Task :react-native-screens:extractDeepLinksDebug UP-TO-DATE
> Task :react-native-screens:processDebugManifest UP-TO-DATE
> Task :react-native-svg:extractDeepLinksDebug UP-TO-DATE
> Task :react-native-svg:processDebugManifest UP-TO-DATE
> Task :react-native-webview:extractDeepLinksDebug UP-TO-DATE
> Task :react-native-webview:processDebugManifest UP-TO-DATE
> Task :app:processDebugMainManifest UP-TO-DATE
> Task :app:processDebugManifest UP-TO-DATE
> Task :app:processDebugManifestForPackage UP-TO-DATE
> Task :expo:compileDebugLibraryResources UP-TO-DATE
> Task :expo:parseDebugLocalResources UP-TO-DATE
> Task :expo:generateDebugRFile UP-TO-DATE
> Task :expo-constants:compileDebugLibraryResources UP-TO-DATE
> Task :expo-constants:parseDebugLocalResources UP-TO-DATE
> Task :expo-constants:generateDebugRFile UP-TO-DATE
> Task :expo-modules-core:compileDebugLibraryResources UP-TO-DATE
> Task :expo-modules-core:parseDebugLocalResources UP-TO-DATE
> Task :expo-modules-core:generateDebugRFile UP-TO-DATE
> Task :react-native-android-widget:compileDebugLibraryResources UP-TO-DATE
> Task :react-native-android-widget:parseDebugLocalResources UP-TO-DATE
> Task :react-native-android-widget:generateDebugRFile UP-TO-DATE
> Task :react-native-async-storage_async-storage:compileDebugLibraryResources UP-TO-DATE
> Task :react-native-async-storage_async-storage:parseDebugLocalResources UP-TO-DATE
> Task :react-native-async-storage_async-storage:generateDebugRFile UP-TO-DATE
> Task :react-native-community_datetimepicker:compileDebugLibraryResources UP-TO-DATE
> Task :react-native-community_datetimepicker:parseDebugLocalResources UP-TO-DATE
> Task :react-native-community_datetimepicker:generateDebugRFile UP-TO-DATE
> Task :react-native-community_slider:compileDebugLibraryResources UP-TO-DATE
> Task :react-native-community_slider:parseDebugLocalResources UP-TO-DATE
> Task :react-native-community_slider:generateDebugRFile UP-TO-DATE
> Task :react-native-edge-to-edge:compileDebugLibraryResources UP-TO-DATE
> Task :react-native-edge-to-edge:parseDebugLocalResources UP-TO-DATE
> Task :react-native-edge-to-edge:generateDebugRFile UP-TO-DATE
> Task :react-native-gesture-handler:compileDebugLibraryResources UP-TO-DATE
> Task :react-native-gesture-handler:parseDebugLocalResources UP-TO-DATE
> Task :react-native-gesture-handler:generateDebugRFile UP-TO-DATE
> Task :react-native-picker_picker:compileDebugLibraryResources UP-TO-DATE
> Task :react-native-picker_picker:parseDebugLocalResources UP-TO-DATE
> Task :react-native-picker_picker:generateDebugRFile UP-TO-DATE
> Task :react-native-reanimated:compileDebugLibraryResources UP-TO-DATE
> Task :react-native-reanimated:parseDebugLocalResources UP-TO-DATE
> Task :react-native-reanimated:generateDebugRFile UP-TO-DATE
> Task :react-native-safe-area-context:compileDebugLibraryResources UP-TO-DATE
> Task :react-native-safe-area-context:parseDebugLocalResources UP-TO-DATE
> Task :react-native-safe-area-context:generateDebugRFile UP-TO-DATE
> Task :react-native-screens:compileDebugLibraryResources UP-TO-DATE
> Task :react-native-screens:parseDebugLocalResources UP-TO-DATE
> Task :react-native-screens:generateDebugRFile UP-TO-DATE
> Task :react-native-svg:compileDebugLibraryResources UP-TO-DATE
> Task :react-native-svg:parseDebugLocalResources UP-TO-DATE
> Task :react-native-svg:generateDebugRFile UP-TO-DATE
> Task :react-native-webview:compileDebugLibraryResources UP-TO-DATE
> Task :react-native-webview:parseDebugLocalResources UP-TO-DATE
> Task :react-native-webview:generateDebugRFile UP-TO-DATE
> Task :app:processDebugResources UP-TO-DATE
> Task :expo:checkKotlinGradlePluginConfigurationErrors SKIPPED
> Task :expo:generateDebugBuildConfig UP-TO-DATE
> Task :expo-constants:checkKotlinGradlePluginConfigurationErrors SKIPPED
> Task :expo-constants:generateDebugBuildConfig UP-TO-DATE
> Task :expo-modules-core:checkKotlinGradlePluginConfigurationErrors SKIPPED
> Task :expo-modules-core:generateDebugBuildConfig UP-TO-DATE
> Task :expo-modules-core:compileDebugKotlin UP-TO-DATE
> Task :expo-modules-core:javaPreCompileDebug UP-TO-DATE
> Task :expo-modules-core:compileDebugJavaWithJavac UP-TO-DATE
> Task :expo-modules-core:bundleLibCompileToJarDebug UP-TO-DATE
> Task :expo-constants:compileDebugKotlin UP-TO-DATE
> Task :expo-constants:javaPreCompileDebug UP-TO-DATE
> Task :expo-constants:compileDebugJavaWithJavac UP-TO-DATE
> Task :expo-constants:bundleLibCompileToJarDebug UP-TO-DATE
> Task :expo:compileDebugKotlin UP-TO-DATE
> Task :expo:javaPreCompileDebug UP-TO-DATE
> Task :expo:compileDebugJavaWithJavac UP-TO-DATE
> Task :expo:bundleLibCompileToJarDebug UP-TO-DATE
> Task :react-native-android-widget:generateDebugBuildConfig UP-TO-DATE
> Task :react-native-android-widget:javaPreCompileDebug UP-TO-DATE

> Task :react-native-android-widget:compileDebugJavaWithJavac
Note: Some input files use or override a deprecated API.
Note: Recompile with -Xlint:deprecation for details.

> Task :react-native-async-storage_async-storage:generateDebugBuildConfig UP-TO-DATE
> Task :react-native-async-storage_async-storage:javaPreCompileDebug UP-TO-DATE
> Task :react-native-android-widget:bundleLibCompileToJarDebug

> Task :react-native-async-storage_async-storage:compileDebugJavaWithJavac
Note: Some input files use or override a deprecated API.
Note: Recompile with -Xlint:deprecation for details.
Note: /Users/huynhkimcuong/HI_Vision/hi-vision-app/node_modules/@react-native-async-storage/async-storage/android/src/javaPackage/java/com/reactnativecommunity/asyncstorage/AsyncStoragePackage.java uses unchecked or unsafe operations.
Note: Recompile with -Xlint:unchecked for details.

> Task :react-native-community_datetimepicker:checkKotlinGradlePluginConfigurationErrors SKIPPED
> Task :react-native-community_datetimepicker:generateDebugBuildConfig UP-TO-DATE
> Task :react-native-async-storage_async-storage:bundleLibCompileToJarDebug
> Task :react-native-community_datetimepicker:compileDebugKotlin UP-TO-DATE
> Task :react-native-community_datetimepicker:javaPreCompileDebug UP-TO-DATE
> Task :react-native-community_datetimepicker:compileDebugJavaWithJavac UP-TO-DATE
> Task :react-native-community_datetimepicker:bundleLibCompileToJarDebug UP-TO-DATE
> Task :react-native-community_slider:generateDebugBuildConfig UP-TO-DATE
> Task :react-native-community_slider:javaPreCompileDebug UP-TO-DATE

> Task :react-native-community_slider:compileDebugJavaWithJavac
Note: Some input files use or override a deprecated API.
Note: Recompile with -Xlint:deprecation for details.

> Task :react-native-edge-to-edge:checkKotlinGradlePluginConfigurationErrors SKIPPED
> Task :react-native-edge-to-edge:generateDebugBuildConfig UP-TO-DATE
> Task :react-native-community_slider:bundleLibCompileToJarDebug
> Task :react-native-edge-to-edge:compileDebugKotlin UP-TO-DATE
> Task :react-native-edge-to-edge:javaPreCompileDebug UP-TO-DATE
> Task :react-native-edge-to-edge:compileDebugJavaWithJavac UP-TO-DATE
> Task :react-native-edge-to-edge:bundleLibCompileToJarDebug UP-TO-DATE
> Task :react-native-gesture-handler:checkKotlinGradlePluginConfigurationErrors SKIPPED
> Task :react-native-gesture-handler:generateDebugBuildConfig UP-TO-DATE
> Task :react-native-reanimated:generateDebugBuildConfig UP-TO-DATE
> Task :react-native-reanimated:javaPreCompileDebug UP-TO-DATE
> Task :react-native-reanimated:packageNdkLibs NO-SOURCE

> Task :react-native-reanimated:compileDebugJavaWithJavac
Note: Some input files use or override a deprecated API.
Note: Recompile with -Xlint:deprecation for details.
Note: Some input files use unchecked or unsafe operations.
Note: Recompile with -Xlint:unchecked for details.

> Task :react-native-gesture-handler:javaPreCompileDebug UP-TO-DATE
> Task :react-native-picker_picker:generateDebugBuildConfig UP-TO-DATE
> Task :react-native-picker_picker:javaPreCompileDebug UP-TO-DATE
> Task :react-native-reanimated:bundleLibCompileToJarDebug

> Task :react-native-picker_picker:compileDebugJavaWithJavac
Note: Some input files use or override a deprecated API.
Note: Recompile with -Xlint:deprecation for details.

> Task :react-native-safe-area-context:checkKotlinGradlePluginConfigurationErrors SKIPPED
> Task :react-native-safe-area-context:generateDebugBuildConfig UP-TO-DATE
> Task :react-native-picker_picker:bundleLibCompileToJarDebug
> Task :react-native-safe-area-context:compileDebugKotlin UP-TO-DATE
> Task :react-native-safe-area-context:javaPreCompileDebug UP-TO-DATE
> Task :react-native-safe-area-context:compileDebugJavaWithJavac UP-TO-DATE
> Task :react-native-safe-area-context:bundleLibCompileToJarDebug UP-TO-DATE
> Task :react-native-screens:checkKotlinGradlePluginConfigurationErrors SKIPPED
> Task :react-native-screens:generateDebugBuildConfig UP-TO-DATE
> Task :react-native-screens:compileDebugKotlin UP-TO-DATE
> Task :react-native-screens:javaPreCompileDebug UP-TO-DATE
> Task :react-native-screens:compileDebugJavaWithJavac UP-TO-DATE
> Task :react-native-screens:bundleLibCompileToJarDebug UP-TO-DATE
> Task :react-native-svg:generateDebugBuildConfig UP-TO-DATE
> Task :react-native-svg:javaPreCompileDebug UP-TO-DATE
> Task :react-native-gesture-handler:compileDebugKotlin

> Task :react-native-svg:compileDebugJavaWithJavac
Note: Some input files use or override a deprecated API.
Note: Recompile with -Xlint:deprecation for details.
Note: Some input files use unchecked or unsafe operations.
Note: Recompile with -Xlint:unchecked for details.

> Task :react-native-gesture-handler:compileDebugJavaWithJavac UP-TO-DATE
> Task :react-native-gesture-handler:bundleLibCompileToJarDebug UP-TO-DATE
> Task :react-native-webview:checkKotlinGradlePluginConfigurationErrors SKIPPED
> Task :react-native-webview:generateDebugBuildConfig UP-TO-DATE
> Task :react-native-svg:bundleLibCompileToJarDebug
> Task :react-native-webview:compileDebugKotlin UP-TO-DATE
> Task :react-native-webview:javaPreCompileDebug UP-TO-DATE
> Task :react-native-webview:compileDebugJavaWithJavac UP-TO-DATE
> Task :react-native-webview:bundleLibCompileToJarDebug UP-TO-DATE
> Task :app:javaPreCompileDebug UP-TO-DATE
> Task :app:mergeDebugShaders UP-TO-DATE
> Task :app:compileDebugShaders NO-SOURCE
> Task :app:generateDebugAssets UP-TO-DATE
> Task :expo:mergeDebugShaders UP-TO-DATE
> Task :expo:compileDebugShaders NO-SOURCE
> Task :expo:generateDebugAssets UP-TO-DATE
> Task :expo:packageDebugAssets UP-TO-DATE
> Task :expo-constants:mergeDebugShaders UP-TO-DATE
> Task :expo-constants:compileDebugShaders NO-SOURCE
> Task :expo-constants:generateDebugAssets UP-TO-DATE
> Task :expo-constants:packageDebugAssets UP-TO-DATE
> Task :expo-modules-core:mergeDebugShaders UP-TO-DATE
> Task :expo-modules-core:compileDebugShaders NO-SOURCE
> Task :expo-modules-core:generateDebugAssets UP-TO-DATE
> Task :expo-modules-core:packageDebugAssets UP-TO-DATE
> Task :react-native-android-widget:mergeDebugShaders UP-TO-DATE
> Task :react-native-android-widget:compileDebugShaders NO-SOURCE
> Task :react-native-android-widget:generateDebugAssets UP-TO-DATE
> Task :react-native-android-widget:packageDebugAssets UP-TO-DATE
> Task :react-native-async-storage_async-storage:mergeDebugShaders UP-TO-DATE
> Task :react-native-async-storage_async-storage:compileDebugShaders NO-SOURCE
> Task :react-native-async-storage_async-storage:generateDebugAssets UP-TO-DATE
> Task :react-native-async-storage_async-storage:packageDebugAssets UP-TO-DATE
> Task :react-native-community_datetimepicker:mergeDebugShaders UP-TO-DATE
> Task :react-native-community_datetimepicker:compileDebugShaders NO-SOURCE
> Task :react-native-community_datetimepicker:generateDebugAssets UP-TO-DATE
> Task :react-native-community_datetimepicker:packageDebugAssets UP-TO-DATE
> Task :react-native-community_slider:mergeDebugShaders UP-TO-DATE
> Task :react-native-community_slider:compileDebugShaders NO-SOURCE
> Task :react-native-community_slider:generateDebugAssets UP-TO-DATE
> Task :react-native-community_slider:packageDebugAssets UP-TO-DATE
> Task :react-native-edge-to-edge:mergeDebugShaders UP-TO-DATE
> Task :react-native-edge-to-edge:compileDebugShaders NO-SOURCE
> Task :react-native-edge-to-edge:generateDebugAssets UP-TO-DATE
> Task :react-native-edge-to-edge:packageDebugAssets UP-TO-DATE
> Task :react-native-gesture-handler:mergeDebugShaders UP-TO-DATE
> Task :react-native-gesture-handler:compileDebugShaders NO-SOURCE
> Task :react-native-gesture-handler:generateDebugAssets UP-TO-DATE
> Task :react-native-gesture-handler:packageDebugAssets UP-TO-DATE
> Task :react-native-picker_picker:mergeDebugShaders UP-TO-DATE
> Task :react-native-picker_picker:compileDebugShaders NO-SOURCE
> Task :react-native-picker_picker:generateDebugAssets UP-TO-DATE
> Task :react-native-picker_picker:packageDebugAssets UP-TO-DATE
> Task :react-native-reanimated:mergeDebugShaders UP-TO-DATE
> Task :react-native-reanimated:compileDebugShaders NO-SOURCE
> Task :react-native-reanimated:generateDebugAssets UP-TO-DATE
> Task :react-native-reanimated:packageDebugAssets UP-TO-DATE
> Task :react-native-safe-area-context:mergeDebugShaders UP-TO-DATE
> Task :react-native-safe-area-context:compileDebugShaders NO-SOURCE
> Task :react-native-safe-area-context:generateDebugAssets UP-TO-DATE
> Task :react-native-safe-area-context:packageDebugAssets UP-TO-DATE
> Task :react-native-screens:mergeDebugShaders UP-TO-DATE
> Task :react-native-screens:compileDebugShaders NO-SOURCE
> Task :react-native-screens:generateDebugAssets UP-TO-DATE
> Task :react-native-screens:packageDebugAssets UP-TO-DATE
> Task :react-native-svg:mergeDebugShaders UP-TO-DATE
> Task :react-native-svg:compileDebugShaders NO-SOURCE
> Task :react-native-svg:generateDebugAssets UP-TO-DATE
> Task :react-native-svg:packageDebugAssets UP-TO-DATE
> Task :react-native-webview:mergeDebugShaders UP-TO-DATE
> Task :react-native-webview:compileDebugShaders NO-SOURCE
> Task :react-native-webview:generateDebugAssets UP-TO-DATE
> Task :react-native-webview:packageDebugAssets UP-TO-DATE
> Task :app:mergeDebugAssets UP-TO-DATE
> Task :app:compressDebugAssets UP-TO-DATE
> Task :react-native-community_datetimepicker:bundleLibRuntimeToJarDebug UP-TO-DATE
> Task :react-native-gesture-handler:bundleLibRuntimeToJarDebug UP-TO-DATE
> Task :react-native-safe-area-context:bundleLibRuntimeToJarDebug UP-TO-DATE
> Task :react-native-screens:bundleLibRuntimeToJarDebug UP-TO-DATE
> Task :react-native-webview:bundleLibRuntimeToJarDebug UP-TO-DATE
> Task :react-native-edge-to-edge:bundleLibRuntimeToJarDebug UP-TO-DATE
> Task :react-native-async-storage_async-storage:bundleLibRuntimeToJarDebug
> Task :expo:bundleLibRuntimeToJarDebug UP-TO-DATE
> Task :react-native-community_slider:bundleLibRuntimeToJarDebug
> Task :react-native-picker_picker:bundleLibRuntimeToJarDebug
> Task :react-native-android-widget:bundleLibRuntimeToJarDebug
> Task :expo-modules-core:bundleLibRuntimeToJarDebug UP-TO-DATE
> Task :expo-constants:bundleLibRuntimeToJarDebug UP-TO-DATE
> Task :app:desugarDebugFileDependencies UP-TO-DATE
> Task :react-native-reanimated:bundleLibRuntimeToJarDebug
> Task :expo:processDebugJavaRes UP-TO-DATE
> Task :expo-constants:processDebugJavaRes UP-TO-DATE
> Task :expo-modules-core:processDebugJavaRes UP-TO-DATE
> Task :react-native-android-widget:processDebugJavaRes NO-SOURCE
> Task :react-native-svg:bundleLibRuntimeToJarDebug
> Task :react-native-async-storage_async-storage:processDebugJavaRes NO-SOURCE
> Task :react-native-community_datetimepicker:processDebugJavaRes UP-TO-DATE
> Task :react-native-community_slider:processDebugJavaRes NO-SOURCE
> Task :app:compileDebugKotlin
> Task :react-native-edge-to-edge:processDebugJavaRes UP-TO-DATE
> Task :app:compileDebugJavaWithJavac UP-TO-DATE
> Task :app:dexBuilderDebug UP-TO-DATE
> Task :app:processDebugJavaRes UP-TO-DATE
> Task :react-native-gesture-handler:processDebugJavaRes UP-TO-DATE
> Task :react-native-picker_picker:processDebugJavaRes NO-SOURCE
> Task :react-native-reanimated:processDebugJavaRes NO-SOURCE
> Task :react-native-safe-area-context:processDebugJavaRes UP-TO-DATE
> Task :react-native-screens:processDebugJavaRes UP-TO-DATE
> Task :react-native-svg:processDebugJavaRes NO-SOURCE
> Task :react-native-webview:processDebugJavaRes UP-TO-DATE
> Task :app:mergeDebugJavaResource UP-TO-DATE
> Task :app:checkDebugDuplicateClasses UP-TO-DATE
> Task :app:mergeExtDexDebug UP-TO-DATE
> Task :react-native-community_datetimepicker:bundleLibRuntimeToDirDebug UP-TO-DATE
> Task :react-native-gesture-handler:bundleLibRuntimeToDirDebug UP-TO-DATE
> Task :react-native-safe-area-context:bundleLibRuntimeToDirDebug UP-TO-DATE
> Task :react-native-screens:bundleLibRuntimeToDirDebug UP-TO-DATE
> Task :react-native-webview:bundleLibRuntimeToDirDebug UP-TO-DATE
> Task :react-native-edge-to-edge:bundleLibRuntimeToDirDebug UP-TO-DATE
> Task :react-native-community_slider:bundleLibRuntimeToDirDebug
> Task :react-native-async-storage_async-storage:bundleLibRuntimeToDirDebug
> Task :react-native-picker_picker:bundleLibRuntimeToDirDebug
> Task :expo:bundleLibRuntimeToDirDebug UP-TO-DATE
> Task :react-native-android-widget:bundleLibRuntimeToDirDebug
> Task :react-native-reanimated:bundleLibRuntimeToDirDebug
> Task :react-native-svg:bundleLibRuntimeToDirDebug
> Task :expo-modules-core:bundleLibRuntimeToDirDebug UP-TO-DATE
> Task :expo-constants:bundleLibRuntimeToDirDebug UP-TO-DATE
> Task :app:mergeProjectDexDebug UP-TO-DATE
> Task :react-native-reanimated:configureCMakeDebug[arm64-v8a]
> Task :app:mergeDebugGlobalSynthetics UP-TO-DATE
> Task :react-native-reanimated:generateJsonModelDebug
> Task :react-native-reanimated:prefabDebugConfigurePackage
> Task :app:mergeLibDexDebug
> Task :app:configureCMakeDebug[arm64-v8a]
> Task :react-native-reanimated:buildCMakeDebug[arm64-v8a][reanimated,worklets]
> Task :react-native-reanimated:externalNativeBuildDebug
> Task :react-native-reanimated:prefabDebugPackage

> Task :app:buildCMakeDebug[arm64-v8a]
C/C++: ninja: Entering directory `/Users/huynhkimcuong/HI_Vision/hi-vision-app/android/app/.cxx/Debug/4v3q455g/arm64-v8a'
C/C++: /Users/huynhkimcuong/HI_Vision/hi-vision-app/node_modules/@react-native-community/slider/android/build/generated/source/codegen/jni/react/renderer/components/RNCSlider/EventEmitters.cpp:16:47: warning: '$' in identifier [-Wdollar-in-identifier-extension]
C/C++:    16 | void RNCSliderEventEmitter::onChange(OnChange $event) const {
C/C++:       |                                               ^
C/C++: /Users/huynhkimcuong/HI_Vision/hi-vision-app/node_modules/@react-native-community/slider/android/build/generated/source/codegen/jni/react/renderer/components/RNCSlider/EventEmitters.cpp:17:28: warning: '$' in identifier [-Wdollar-in-identifier-extension]
C/C++:    17 |   dispatchEvent("change", [$event=std::move($event)](jsi::Runtime &runtime) {
C/C++:       |                            ^
C/C++: /Users/huynhkimcuong/HI_Vision/hi-vision-app/node_modules/@react-native-community/slider/android/build/generated/source/codegen/jni/react/renderer/components/RNCSlider/EventEmitters.cpp:17:45: warning: '$' in identifier [-Wdollar-in-identifier-extension]
C/C++:    17 |   dispatchEvent("change", [$event=std::move($event)](jsi::Runtime &runtime) {
C/C++:       |                                             ^
C/C++: /Users/huynhkimcuong/HI_Vision/hi-vision-app/node_modules/@react-native-community/slider/android/build/generated/source/codegen/jni/react/renderer/components/RNCSlider/EventEmitters.cpp:18:10: warning: '$' in identifier [-Wdollar-in-identifier-extension]
C/C++:    18 |     auto $payload = jsi::Object(runtime);
C/C++:       |          ^
C/C++: /Users/huynhkimcuong/HI_Vision/hi-vision-app/node_modules/@react-native-community/slider/android/build/generated/source/codegen/jni/react/renderer/components/RNCSlider/EventEmitters.cpp:19:5: warning: '$' in identifier [-Wdollar-in-identifier-extension]
C/C++:    19 |     $payload.setProperty(runtime, "value", $event.value);
C/C++:       |     ^
C/C++: /Users/huynhkimcuong/HI_Vision/hi-vision-app/node_modules/@react-native-community/slider/android/build/generated/source/codegen/jni/react/renderer/components/RNCSlider/EventEmitters.cpp:19:44: warning: '$' in identifier [-Wdollar-in-identifier-extension]
C/C++:    19 |     $payload.setProperty(runtime, "value", $event.value);
C/C++:       |                                            ^
C/C++: /Users/huynhkimcuong/HI_Vision/hi-vision-app/node_modules/@react-native-community/slider/android/build/generated/source/codegen/jni/react/renderer/components/RNCSlider/EventEmitters.cpp:20:1: warning: '$' in identifier [-Wdollar-in-identifier-extension]
C/C++:    20 | $payload.setProperty(runtime, "fromUser", $event.fromUser);
C/C++:       | ^
C/C++: /Users/huynhkimcuong/HI_Vision/hi-vision-app/node_modules/@react-native-community/slider/android/build/generated/source/codegen/jni/react/renderer/components/RNCSlider/EventEmitters.cpp:20:43: warning: '$' in identifier [-Wdollar-in-identifier-extension]
C/C++:    20 | $payload.setProperty(runtime, "fromUser", $event.fromUser);
C/C++:       |                                           ^
C/C++: /Users/huynhkimcuong/HI_Vision/hi-vision-app/node_modules/@react-native-community/slider/android/build/generated/source/codegen/jni/react/renderer/components/RNCSlider/EventEmitters.cpp:21:12: warning: '$' in identifier [-Wdollar-in-identifier-extension]
C/C++:    21 |     return $payload;
C/C++:       |            ^
C/C++: /Users/huynhkimcuong/HI_Vision/hi-vision-app/node_modules/@react-native-community/slider/android/build/generated/source/codegen/jni/react/renderer/components/RNCSlider/EventEmitters.cpp:26:77: warning: '$' in identifier [-Wdollar-in-identifier-extension]
C/C++:    26 | void RNCSliderEventEmitter::onRNCSliderSlidingStart(OnRNCSliderSlidingStart $event) const {
C/C++:       |                                                                             ^
C/C++: /Users/huynhkimcuong/HI_Vision/hi-vision-app/node_modules/@react-native-community/slider/android/build/generated/source/codegen/jni/react/renderer/components/RNCSlider/EventEmitters.cpp:27:43: warning: '$' in identifier [-Wdollar-in-identifier-extension]
C/C++:    27 |   dispatchEvent("rNCSliderSlidingStart", [$event=std::move($event)](jsi::Runtime &runtime) {
C/C++:       |                                           ^
C/C++: /Users/huynhkimcuong/HI_Vision/hi-vision-app/node_modules/@react-native-community/slider/android/build/generated/source/codegen/jni/react/renderer/components/RNCSlider/EventEmitters.cpp:27:60: warning: '$' in identifier [-Wdollar-in-identifier-extension]
C/C++:    27 |   dispatchEvent("rNCSliderSlidingStart", [$event=std::move($event)](jsi::Runtime &runtime) {
C/C++:       |                                                            ^
C/C++: /Users/huynhkimcuong/HI_Vision/hi-vision-app/node_modules/@react-native-community/slider/android/build/generated/source/codegen/jni/react/renderer/components/RNCSlider/EventEmitters.cpp:28:10: warning: '$' in identifier [-Wdollar-in-identifier-extension]
C/C++:    28 |     auto $payload = jsi::Object(runtime);
C/C++:       |          ^
C/C++: /Users/huynhkimcuong/HI_Vision/hi-vision-app/node_modules/@react-native-community/slider/android/build/generated/source/codegen/jni/react/renderer/components/RNCSlider/EventEmitters.cpp:29:5: warning: '$' in identifier [-Wdollar-in-identifier-extension]
C/C++:    29 |     $payload.setProperty(runtime, "value", $event.value);
C/C++:       |     ^
C/C++: /Users/huynhkimcuong/HI_Vision/hi-vision-app/node_modules/@react-native-community/slider/android/build/generated/source/codegen/jni/react/renderer/components/RNCSlider/EventEmitters.cpp:29:44: warning: '$' in identifier [-Wdollar-in-identifier-extension]
C/C++:    29 |     $payload.setProperty(runtime, "value", $event.value);
C/C++:       |                                            ^
C/C++: /Users/huynhkimcuong/HI_Vision/hi-vision-app/node_modules/@react-native-community/slider/android/build/generated/source/codegen/jni/react/renderer/components/RNCSlider/EventEmitters.cpp:30:1: warning: '$' in identifier [-Wdollar-in-identifier-extension]
C/C++:    30 | $payload.setProperty(runtime, "fromUser", $event.fromUser);
C/C++:       | ^
C/C++: /Users/huynhkimcuong/HI_Vision/hi-vision-app/node_modules/@react-native-community/slider/android/build/generated/source/codegen/jni/react/renderer/components/RNCSlider/EventEmitters.cpp:30:43: warning: '$' in identifier [-Wdollar-in-identifier-extension]
C/C++:    30 | $payload.setProperty(runtime, "fromUser", $event.fromUser);
C/C++:       |                                           ^
C/C++: /Users/huynhkimcuong/HI_Vision/hi-vision-app/node_modules/@react-native-community/slider/android/build/generated/source/codegen/jni/react/renderer/components/RNCSlider/EventEmitters.cpp:31:12: warning: '$' in identifier [-Wdollar-in-identifier-extension]
C/C++:    31 |     return $payload;
C/C++:       |            ^
C/C++: /Users/huynhkimcuong/HI_Vision/hi-vision-app/node_modules/@react-native-community/slider/android/build/generated/source/codegen/jni/react/renderer/components/RNCSlider/EventEmitters.cpp:36:83: warning: '$' in identifier [-Wdollar-in-identifier-extension]
C/C++:    36 | void RNCSliderEventEmitter::onRNCSliderSlidingComplete(OnRNCSliderSlidingComplete $event) const {
C/C++:       |                                                                                   ^
C/C++: /Users/huynhkimcuong/HI_Vision/hi-vision-app/node_modules/@react-native-community/slider/android/build/generated/source/codegen/jni/react/renderer/components/RNCSlider/EventEmitters.cpp:37:46: warning: '$' in identifier [-Wdollar-in-identifier-extension]
C/C++:    37 |   dispatchEvent("rNCSliderSlidingComplete", [$event=std::move($event)](jsi::Runtime &runtime) {
C/C++:       |                                              ^
C/C++: /Users/huynhkimcuong/HI_Vision/hi-vision-app/node_modules/@react-native-community/slider/android/build/generated/source/codegen/jni/react/renderer/components/RNCSlider/EventEmitters.cpp:37:63: warning: '$' in identifier [-Wdollar-in-identifier-extension]
C/C++:    37 |   dispatchEvent("rNCSliderSlidingComplete", [$event=std::move($event)](jsi::Runtime &runtime) {
C/C++:       |                                                               ^
C/C++: /Users/huynhkimcuong/HI_Vision/hi-vision-app/node_modules/@react-native-community/slider/android/build/generated/source/codegen/jni/react/renderer/components/RNCSlider/EventEmitters.cpp:38:10: warning: '$' in identifier [-Wdollar-in-identifier-extension]
C/C++:    38 |     auto $payload = jsi::Object(runtime);
C/C++:       |          ^
C/C++: /Users/huynhkimcuong/HI_Vision/hi-vision-app/node_modules/@react-native-community/slider/android/build/generated/source/codegen/jni/react/renderer/components/RNCSlider/EventEmitters.cpp:39:5: warning: '$' in identifier [-Wdollar-in-identifier-extension]
C/C++:    39 |     $payload.setProperty(runtime, "value", $event.value);
C/C++:       |     ^
C/C++: /Users/huynhkimcuong/HI_Vision/hi-vision-app/node_modules/@react-native-community/slider/android/build/generated/source/codegen/jni/react/renderer/components/RNCSlider/EventEmitters.cpp:39:44: warning: '$' in identifier [-Wdollar-in-identifier-extension]
C/C++:    39 |     $payload.setProperty(runtime, "value", $event.value);
C/C++:       |                                            ^
C/C++: /Users/huynhkimcuong/HI_Vision/hi-vision-app/node_modules/@react-native-community/slider/android/build/generated/source/codegen/jni/react/renderer/components/RNCSlider/EventEmitters.cpp:40:1: warning: '$' in identifier [-Wdollar-in-identifier-extension]
C/C++:    40 | $payload.setProperty(runtime, "fromUser", $event.fromUser);
C/C++:       | ^
C/C++: /Users/huynhkimcuong/HI_Vision/hi-vision-app/node_modules/@react-native-community/slider/android/build/generated/source/codegen/jni/react/renderer/components/RNCSlider/EventEmitters.cpp:40:43: warning: '$' in identifier [-Wdollar-in-identifier-extension]
C/C++:    40 | $payload.setProperty(runtime, "fromUser", $event.fromUser);
C/C++:       |                                           ^
C/C++: /Users/huynhkimcuong/HI_Vision/hi-vision-app/node_modules/@react-native-community/slider/android/build/generated/source/codegen/jni/react/renderer/components/RNCSlider/EventEmitters.cpp:41:12: warning: '$' in identifier [-Wdollar-in-identifier-extension]
C/C++:    41 |     return $payload;
C/C++:       |            ^
C/C++: /Users/huynhkimcuong/HI_Vision/hi-vision-app/node_modules/@react-native-community/slider/android/build/generated/source/codegen/jni/react/renderer/components/RNCSlider/EventEmitters.cpp:46:75: warning: '$' in identifier [-Wdollar-in-identifier-extension]
C/C++:    46 | void RNCSliderEventEmitter::onRNCSliderValueChange(OnRNCSliderValueChange $event) const {
C/C++:       |                                                                           ^
C/C++: /Users/huynhkimcuong/HI_Vision/hi-vision-app/node_modules/@react-native-community/slider/android/build/generated/source/codegen/jni/react/renderer/components/RNCSlider/EventEmitters.cpp:47:42: warning: '$' in identifier [-Wdollar-in-identifier-extension]
C/C++:    47 |   dispatchEvent("rNCSliderValueChange", [$event=std::move($event)](jsi::Runtime &runtime) {
C/C++:       |                                          ^
C/C++: /Users/huynhkimcuong/HI_Vision/hi-vision-app/node_modules/@react-native-community/slider/android/build/generated/source/codegen/jni/react/renderer/components/RNCSlider/EventEmitters.cpp:47:59: warning: '$' in identifier [-Wdollar-in-identifier-extension]
C/C++:    47 |   dispatchEvent("rNCSliderValueChange", [$event=std::move($event)](jsi::Runtime &runtime) {
C/C++:       |                                                           ^
C/C++: /Users/huynhkimcuong/HI_Vision/hi-vision-app/node_modules/@react-native-community/slider/android/build/generated/source/codegen/jni/react/renderer/components/RNCSlider/EventEmitters.cpp:48:10: warning: '$' in identifier [-Wdollar-in-identifier-extension]
C/C++:    48 |     auto $payload = jsi::Object(runtime);
C/C++:       |          ^
C/C++: /Users/huynhkimcuong/HI_Vision/hi-vision-app/node_modules/@react-native-community/slider/android/build/generated/source/codegen/jni/react/renderer/components/RNCSlider/EventEmitters.cpp:49:5: warning: '$' in identifier [-Wdollar-in-identifier-extension]
C/C++:    49 |     $payload.setProperty(runtime, "value", $event.value);
C/C++:       |     ^
C/C++: /Users/huynhkimcuong/HI_Vision/hi-vision-app/node_modules/@react-native-community/slider/android/build/generated/source/codegen/jni/react/renderer/components/RNCSlider/EventEmitters.cpp:49:44: warning: '$' in identifier [-Wdollar-in-identifier-extension]
C/C++:    49 |     $payload.setProperty(runtime, "value", $event.value);
C/C++:       |                                            ^
C/C++: /Users/huynhkimcuong/HI_Vision/hi-vision-app/node_modules/@react-native-community/slider/android/build/generated/source/codegen/jni/react/renderer/components/RNCSlider/EventEmitters.cpp:50:1: warning: '$' in identifier [-Wdollar-in-identifier-extension]
C/C++:    50 | $payload.setProperty(runtime, "fromUser", $event.fromUser);
C/C++:       | ^
C/C++: /Users/huynhkimcuong/HI_Vision/hi-vision-app/node_modules/@react-native-community/slider/android/build/generated/source/codegen/jni/react/renderer/components/RNCSlider/EventEmitters.cpp:50:43: warning: '$' in identifier [-Wdollar-in-identifier-extension]
C/C++:    50 | $payload.setProperty(runtime, "fromUser", $event.fromUser);
C/C++:       |                                           ^
C/C++: /Users/huynhkimcuong/HI_Vision/hi-vision-app/node_modules/@react-native-community/slider/android/build/generated/source/codegen/jni/react/renderer/components/RNCSlider/EventEmitters.cpp:51:12: warning: '$' in identifier [-Wdollar-in-identifier-extension]
C/C++:    51 |     return $payload;
C/C++:       |            ^
C/C++: 36 warnings generated.
C/C++: /Users/huynhkimcuong/HI_Vision/hi-vision-app/node_modules/@react-native-picker/picker/android/build/generated/source/codegen/jni/react/renderer/components/rnpicker/EventEmitters.cpp:16:60: warning: '$' in identifier [-Wdollar-in-identifier-extension]
C/C++:    16 | void RNCAndroidDialogPickerEventEmitter::onSelect(OnSelect $event) const {
C/C++:       |                                                            ^
C/C++: /Users/huynhkimcuong/HI_Vision/hi-vision-app/node_modules/@react-native-picker/picker/android/build/generated/source/codegen/jni/react/renderer/components/rnpicker/EventEmitters.cpp:17:31: warning: '$' in identifier [-Wdollar-in-identifier-extension]
C/C++:    17 |   dispatchEvent("topSelect", [$event=std::move($event)](jsi::Runtime &runtime) {
C/C++:       |                               ^
C/C++: /Users/huynhkimcuong/HI_Vision/hi-vision-app/node_modules/@react-native-picker/picker/android/build/generated/source/codegen/jni/react/renderer/components/rnpicker/EventEmitters.cpp:17:48: warning: '$' in identifier [-Wdollar-in-identifier-extension]
C/C++:    17 |   dispatchEvent("topSelect", [$event=std::move($event)](jsi::Runtime &runtime) {
C/C++:       |                                                ^
C/C++: /Users/huynhkimcuong/HI_Vision/hi-vision-app/node_modules/@react-native-picker/picker/android/build/generated/source/codegen/jni/react/renderer/components/rnpicker/EventEmitters.cpp:18:10: warning: '$' in identifier [-Wdollar-in-identifier-extension]
C/C++:    18 |     auto $payload = jsi::Object(runtime);
C/C++:       |          ^
C/C++: /Users/huynhkimcuong/HI_Vision/hi-vision-app/node_modules/@react-native-picker/picker/android/build/generated/source/codegen/jni/react/renderer/components/rnpicker/EventEmitters.cpp:19:5: warning: '$' in identifier [-Wdollar-in-identifier-extension]
C/C++:    19 |     $payload.setProperty(runtime, "position", $event.position);
C/C++:       |     ^
C/C++: /Users/huynhkimcuong/HI_Vision/hi-vision-app/node_modules/@react-native-picker/picker/android/build/generated/source/codegen/jni/react/renderer/components/rnpicker/EventEmitters.cpp:19:47: warning: '$' in identifier [-Wdollar-in-identifier-extension]
C/C++:    19 |     $payload.setProperty(runtime, "position", $event.position);
C/C++:       |                                               ^
C/C++: /Users/huynhkimcuong/HI_Vision/hi-vision-app/node_modules/@react-native-picker/picker/android/build/generated/source/codegen/jni/react/renderer/components/rnpicker/EventEmitters.cpp:20:12: warning: '$' in identifier [-Wdollar-in-identifier-extension]
C/C++:    20 |     return $payload;
C/C++:       |            ^
C/C++: /Users/huynhkimcuong/HI_Vision/hi-vision-app/node_modules/@react-native-picker/picker/android/build/generated/source/codegen/jni/react/renderer/components/rnpicker/EventEmitters.cpp:25:58: warning: '$' in identifier [-Wdollar-in-identifier-extension]
C/C++:    25 | void RNCAndroidDialogPickerEventEmitter::onFocus(OnFocus $event) const {
C/C++:       |                                                          ^
C/C++: /Users/huynhkimcuong/HI_Vision/hi-vision-app/node_modules/@react-native-picker/picker/android/build/generated/source/codegen/jni/react/renderer/components/rnpicker/EventEmitters.cpp:27:10: warning: '$' in identifier [-Wdollar-in-identifier-extension]
C/C++:    27 |     auto $payload = jsi::Object(runtime);
C/C++:       |          ^
C/C++: /Users/huynhkimcuong/HI_Vision/hi-vision-app/node_modules/@react-native-picker/picker/android/build/generated/source/codegen/jni/react/renderer/components/rnpicker/EventEmitters.cpp:29:12: warning: '$' in identifier [-Wdollar-in-identifier-extension]
C/C++:    29 |     return $payload;
C/C++:       |            ^
C/C++: /Users/huynhkimcuong/HI_Vision/hi-vision-app/node_modules/@react-native-picker/picker/android/build/generated/source/codegen/jni/react/renderer/components/rnpicker/EventEmitters.cpp:34:56: warning: '$' in identifier [-Wdollar-in-identifier-extension]
C/C++:    34 | void RNCAndroidDialogPickerEventEmitter::onBlur(OnBlur $event) const {
C/C++:       |                                                        ^
C/C++: /Users/huynhkimcuong/HI_Vision/hi-vision-app/node_modules/@react-native-picker/picker/android/build/generated/source/codegen/jni/react/renderer/components/rnpicker/EventEmitters.cpp:36:10: warning: '$' in identifier [-Wdollar-in-identifier-extension]
C/C++:    36 |     auto $payload = jsi::Object(runtime);
C/C++:       |          ^
C/C++: /Users/huynhkimcuong/HI_Vision/hi-vision-app/node_modules/@react-native-picker/picker/android/build/generated/source/codegen/jni/react/renderer/components/rnpicker/EventEmitters.cpp:38:12: warning: '$' in identifier [-Wdollar-in-identifier-extension]
C/C++:    38 |     return $payload;
C/C++:       |            ^
C/C++: /Users/huynhkimcuong/HI_Vision/hi-vision-app/node_modules/@react-native-picker/picker/android/build/generated/source/codegen/jni/react/renderer/components/rnpicker/EventEmitters.cpp:43:62: warning: '$' in identifier [-Wdollar-in-identifier-extension]
C/C++:    43 | void RNCAndroidDropdownPickerEventEmitter::onSelect(OnSelect $event) const {
C/C++:       |                                                              ^
C/C++: /Users/huynhkimcuong/HI_Vision/hi-vision-app/node_modules/@react-native-picker/picker/android/build/generated/source/codegen/jni/react/renderer/components/rnpicker/EventEmitters.cpp:44:31: warning: '$' in identifier [-Wdollar-in-identifier-extension]
C/C++:    44 |   dispatchEvent("topSelect", [$event=std::move($event)](jsi::Runtime &runtime) {
C/C++:       |                               ^
C/C++: /Users/huynhkimcuong/HI_Vision/hi-vision-app/node_modules/@react-native-picker/picker/android/build/generated/source/codegen/jni/react/renderer/components/rnpicker/EventEmitters.cpp:44:48: warning: '$' in identifier [-Wdollar-in-identifier-extension]
C/C++:    44 |   dispatchEvent("topSelect", [$event=std::move($event)](jsi::Runtime &runtime) {
C/C++:       |                                                ^
C/C++: /Users/huynhkimcuong/HI_Vision/hi-vision-app/node_modules/@react-native-picker/picker/android/build/generated/source/codegen/jni/react/renderer/components/rnpicker/EventEmitters.cpp:45:10: warning: '$' in identifier [-Wdollar-in-identifier-extension]
C/C++:    45 |     auto $payload = jsi::Object(runtime);
C/C++:       |          ^
C/C++: /Users/huynhkimcuong/HI_Vision/hi-vision-app/node_modules/@react-native-picker/picker/android/build/generated/source/codegen/jni/react/renderer/components/rnpicker/EventEmitters.cpp:46:5: warning: '$' in identifier [-Wdollar-in-identifier-extension]
C/C++:    46 |     $payload.setProperty(runtime, "position", $event.position);
C/C++:       |     ^
C/C++: /Users/huynhkimcuong/HI_Vision/hi-vision-app/node_modules/@react-native-picker/picker/android/build/generated/source/codegen/jni/react/renderer/components/rnpicker/EventEmitters.cpp:46:47: warning: '$' in identifier [-Wdollar-in-identifier-extension]
C/C++:    46 |     $payload.setProperty(runtime, "position", $event.position);
C/C++:       |                                               ^
C/C++: /Users/huynhkimcuong/HI_Vision/hi-vision-app/node_modules/@react-native-picker/picker/android/build/generated/source/codegen/jni/react/renderer/components/rnpicker/EventEmitters.cpp:47:12: warning: '$' in identifier [-Wdollar-in-identifier-extension]
C/C++:    47 |     return $payload;
C/C++:       |            ^
C/C++: /Users/huynhkimcuong/HI_Vision/hi-vision-app/node_modules/@react-native-picker/picker/android/build/generated/source/codegen/jni/react/renderer/components/rnpicker/EventEmitters.cpp:52:60: warning: '$' in identifier [-Wdollar-in-identifier-extension]
C/C++:    52 | void RNCAndroidDropdownPickerEventEmitter::onFocus(OnFocus $event) const {
C/C++:       |                                                            ^
C/C++: /Users/huynhkimcuong/HI_Vision/hi-vision-app/node_modules/@react-native-picker/picker/android/build/generated/source/codegen/jni/react/renderer/components/rnpicker/EventEmitters.cpp:54:10: warning: '$' in identifier [-Wdollar-in-identifier-extension]
C/C++:    54 |     auto $payload = jsi::Object(runtime);
C/C++:       |          ^
C/C++: /Users/huynhkimcuong/HI_Vision/hi-vision-app/node_modules/@react-native-picker/picker/android/build/generated/source/codegen/jni/react/renderer/components/rnpicker/EventEmitters.cpp:56:12: warning: '$' in identifier [-Wdollar-in-identifier-extension]
C/C++:    56 |     return $payload;
C/C++:       |            ^
C/C++: /Users/huynhkimcuong/HI_Vision/hi-vision-app/node_modules/@react-native-picker/picker/android/build/generated/source/codegen/jni/react/renderer/components/rnpicker/EventEmitters.cpp:61:58: warning: '$' in identifier [-Wdollar-in-identifier-extension]
C/C++:    61 | void RNCAndroidDropdownPickerEventEmitter::onBlur(OnBlur $event) const {
C/C++:       |                                                          ^
C/C++: /Users/huynhkimcuong/HI_Vision/hi-vision-app/node_modules/@react-native-picker/picker/android/build/generated/source/codegen/jni/react/renderer/components/rnpicker/EventEmitters.cpp:63:10: warning: '$' in identifier [-Wdollar-in-identifier-extension]
C/C++:    63 |     auto $payload = jsi::Object(runtime);
C/C++:       |          ^
C/C++: /Users/huynhkimcuong/HI_Vision/hi-vision-app/node_modules/@react-native-picker/picker/android/build/generated/source/codegen/jni/react/renderer/components/rnpicker/EventEmitters.cpp:65:12: warning: '$' in identifier [-Wdollar-in-identifier-extension]
C/C++:    65 |     return $payload;
C/C++:       |            ^
C/C++: /Users/huynhkimcuong/HI_Vision/hi-vision-app/node_modules/@react-native-picker/picker/android/build/generated/source/codegen/jni/react/renderer/components/rnpicker/EventEmitters.cpp:70:47: warning: '$' in identifier [-Wdollar-in-identifier-extension]
C/C++:    70 | void RNCPickerEventEmitter::onChange(OnChange $event) const {
C/C++:       |                                               ^
C/C++: /Users/huynhkimcuong/HI_Vision/hi-vision-app/node_modules/@react-native-picker/picker/android/build/generated/source/codegen/jni/react/renderer/components/rnpicker/EventEmitters.cpp:71:28: warning: '$' in identifier [-Wdollar-in-identifier-extension]
C/C++:    71 |   dispatchEvent("change", [$event=std::move($event)](jsi::Runtime &runtime) {
C/C++:       |                            ^
C/C++: /Users/huynhkimcuong/HI_Vision/hi-vision-app/node_modules/@react-native-picker/picker/android/build/generated/source/codegen/jni/react/renderer/components/rnpicker/EventEmitters.cpp:71:45: warning: '$' in identifier [-Wdollar-in-identifier-extension]
C/C++:    71 |   dispatchEvent("change", [$event=std::move($event)](jsi::Runtime &runtime) {
C/C++:       |                                             ^
C/C++: /Users/huynhkimcuong/HI_Vision/hi-vision-app/node_modules/@react-native-picker/picker/android/build/generated/source/codegen/jni/react/renderer/components/rnpicker/EventEmitters.cpp:72:10: warning: '$' in identifier [-Wdollar-in-identifier-extension]
C/C++:    72 |     auto $payload = jsi::Object(runtime);
C/C++:       |          ^
C/C++: /Users/huynhkimcuong/HI_Vision/hi-vision-app/node_modules/@react-native-picker/picker/android/build/generated/source/codegen/jni/react/renderer/components/rnpicker/EventEmitters.cpp:73:5: warning: '$' in identifier [-Wdollar-in-identifier-extension]
C/C++:    73 |     $payload.setProperty(runtime, "newValue", jsi::valueFromDynamic(runtime, $event.newValue));
C/C++:       |     ^
C/C++: /Users/huynhkimcuong/HI_Vision/hi-vision-app/node_modules/@react-native-picker/picker/android/build/generated/source/codegen/jni/react/renderer/components/rnpicker/EventEmitters.cpp:73:78: warning: '$' in identifier [-Wdollar-in-identifier-extension]
C/C++:    73 |     $payload.setProperty(runtime, "newValue", jsi::valueFromDynamic(runtime, $event.newValue));
C/C++:       |                                                                              ^
C/C++: /Users/huynhkimcuong/HI_Vision/hi-vision-app/node_modules/@react-native-picker/picker/android/build/generated/source/codegen/jni/react/renderer/components/rnpicker/EventEmitters.cpp:74:1: warning: '$' in identifier [-Wdollar-in-identifier-extension]
C/C++:    74 | $payload.setProperty(runtime, "newIndex", $event.newIndex);
C/C++:       | ^
C/C++: /Users/huynhkimcuong/HI_Vision/hi-vision-app/node_modules/@react-native-picker/picker/android/build/generated/source/codegen/jni/react/renderer/components/rnpicker/EventEmitters.cpp:74:43: warning: '$' in identifier [-Wdollar-in-identifier-extension]
C/C++:    74 | $payload.setProperty(runtime, "newIndex", $event.newIndex);
C/C++:       |                                           ^
C/C++: /Users/huynhkimcuong/HI_Vision/hi-vision-app/node_modules/@react-native-picker/picker/android/build/generated/source/codegen/jni/react/renderer/components/rnpicker/EventEmitters.cpp:75:12: warning: '$' in identifier [-Wdollar-in-identifier-extension]
C/C++:    75 |     return $payload;
C/C++:       |            ^
C/C++: 35 warnings generated.

> Task :app:mergeDebugJniLibFolders
> Task :expo:mergeDebugJniLibFolders
> Task :expo:mergeDebugNativeLibs NO-SOURCE
> Task :expo:copyDebugJniLibsProjectOnly
> Task :expo-constants:mergeDebugJniLibFolders
> Task :expo-constants:mergeDebugNativeLibs NO-SOURCE
> Task :expo-constants:copyDebugJniLibsProjectOnly
> Task :expo-modules-core:configureCMakeDebug[arm64-v8a]
> Task :expo-modules-core:buildCMakeDebug[arm64-v8a]
> Task :expo-modules-core:mergeDebugJniLibFolders
> Task :react-native-android-widget:mergeDebugJniLibFolders
> Task :react-native-android-widget:mergeDebugNativeLibs NO-SOURCE
> Task :react-native-android-widget:copyDebugJniLibsProjectOnly
> Task :react-native-async-storage_async-storage:mergeDebugJniLibFolders
> Task :react-native-async-storage_async-storage:mergeDebugNativeLibs NO-SOURCE
> Task :react-native-async-storage_async-storage:copyDebugJniLibsProjectOnly
> Task :react-native-community_datetimepicker:mergeDebugJniLibFolders
> Task :react-native-community_datetimepicker:mergeDebugNativeLibs NO-SOURCE
> Task :react-native-community_datetimepicker:copyDebugJniLibsProjectOnly
> Task :react-native-community_slider:mergeDebugJniLibFolders
> Task :react-native-community_slider:mergeDebugNativeLibs NO-SOURCE
> Task :react-native-community_slider:copyDebugJniLibsProjectOnly
> Task :react-native-edge-to-edge:mergeDebugJniLibFolders
> Task :react-native-edge-to-edge:mergeDebugNativeLibs NO-SOURCE
> Task :react-native-edge-to-edge:copyDebugJniLibsProjectOnly
> Task :expo-modules-core:mergeDebugNativeLibs
> Task :react-native-gesture-handler:configureCMakeDebug[arm64-v8a]
> Task :expo-modules-core:copyDebugJniLibsProjectOnly
> Task :react-native-gesture-handler:buildCMakeDebug[arm64-v8a]
> Task :react-native-gesture-handler:mergeDebugJniLibFolders
> Task :react-native-picker_picker:mergeDebugJniLibFolders
> Task :react-native-picker_picker:mergeDebugNativeLibs NO-SOURCE
> Task :react-native-gesture-handler:mergeDebugNativeLibs
> Task :react-native-picker_picker:copyDebugJniLibsProjectOnly
> Task :react-native-reanimated:mergeDebugJniLibFolders
> Task :react-native-gesture-handler:copyDebugJniLibsProjectOnly
> Task :react-native-safe-area-context:mergeDebugJniLibFolders
> Task :react-native-safe-area-context:mergeDebugNativeLibs NO-SOURCE
> Task :react-native-safe-area-context:copyDebugJniLibsProjectOnly
> Task :react-native-reanimated:mergeDebugNativeLibs
> Task :react-native-screens:configureCMakeDebug[arm64-v8a]
> Task :react-native-reanimated:copyDebugJniLibsProjectOnly
> Task :react-native-screens:buildCMakeDebug[arm64-v8a]
> Task :react-native-screens:mergeDebugJniLibFolders
> Task :react-native-svg:mergeDebugJniLibFolders
> Task :react-native-svg:mergeDebugNativeLibs NO-SOURCE
> Task :react-native-svg:copyDebugJniLibsProjectOnly
> Task :react-native-webview:mergeDebugJniLibFolders
> Task :react-native-webview:mergeDebugNativeLibs NO-SOURCE
> Task :react-native-webview:copyDebugJniLibsProjectOnly
> Task :app:validateSigningDebug
> Task :app:writeDebugAppMetadata
> Task :react-native-screens:mergeDebugNativeLibs
> Task :app:writeDebugSigningConfigVersions
> Task :react-native-screens:copyDebugJniLibsProjectOnly
> Task :app:mergeDebugNativeLibs
> Task :app:stripDebugDebugSymbols
> Task :app:packageDebug
> Task :app:createDebugApkListingFileRedirect
> Task :app:assembleDebug

BUILD SUCCESSFUL in 59s
416 actionable tasks: 87 executed, 4 from cache, 325 up-to-date
